// Jest Snapshot v1, https://goo.gl/fbAQLP

exports[`Game component Initialized board 1`] = `
<DocumentFragment>
  <div
    class="game-page"
  >
    <div
      class="game-view"
    >
      <label
        class="game-title"
      >
        BATTLESHIP
      </label>
      <div
        class="ship_factory"
      >
        <div>
          <div
            class="letter_row"
          >
            <div
              class="square grid-square"
            >
               
            </div>
            <div
              class="square grid-square"
            >
              A
            </div>
            <div
              class="square grid-square"
            >
              B
            </div>
            <div
              class="square grid-square"
            >
              C
            </div>
            <div
              class="square grid-square"
            >
              D
            </div>
            <div
              class="square grid-square"
            >
              E
            </div>
            <div
              class="square grid-square"
            >
              F
            </div>
            <div
              class="square grid-square"
            >
              G
            </div>
            <div
              class="square grid-square"
            >
              H
            </div>
            <div
              class="square grid-square"
            >
              I
            </div>
            <div
              class="square grid-square"
            >
              J
            </div>
          </div>
          <div
            class="lower_section"
          >
            <div
              class="number_column"
            >
              <div
                class="square grid-square"
              >
                0
              </div>
              <div
                class="square grid-square"
              >
                1
              </div>
              <div
                class="square grid-square"
              >
                2
              </div>
              <div
                class="square grid-square"
              >
                3
              </div>
              <div
                class="square grid-square"
              >
                4
              </div>
              <div
                class="square grid-square"
              >
                5
              </div>
              <div
                class="square grid-square"
              >
                6
              </div>
              <div
                class="square grid-square"
              >
                7
              </div>
              <div
                class="square grid-square"
              >
                8
              </div>
              <div
                class="square grid-square"
              >
                9
              </div>
            </div>
            <div
              class="board"
            >
              <div
                class="square ocean-square my_square"
              />
              <div
                class="square ocean-square my_square"
              />
              <div
                class="square ocean-square my_square"
              />
              <div
                class="square ocean-square my_square"
              />
              <div
                class="square ocean-square my_square"
              />
              <div
                class="square ocean-square my_square"
              />
              <div
                class="square ocean-square my_square"
              />
              <div
                class="square ocean-square my_square"
              />
              <div
                class="square ocean-square my_square"
              />
              <div
                class="square ocean-square my_square"
              />
              <div
                class="square ocean-square my_square"
              />
              <div
                class="square ocean-square my_square"
              />
              <div
                class="square ocean-square my_square"
              />
              <div
                class="square ocean-square my_square"
              />
              <div
                class="square ocean-square my_square"
              />
              <div
                class="square ocean-square my_square"
              />
              <div
                class="square ocean-square my_square"
              />
              <div
                class="square ocean-square my_square"
              />
              <div
                class="square ocean-square my_square"
              />
              <div
                class="square ocean-square my_square"
              />
              <div
                class="square ocean-square my_square"
              />
              <div
                class="square ocean-square my_square"
              />
              <div
                class="square ocean-square my_square"
              />
              <div
                class="square ocean-square my_square"
              />
              <div
                class="square ocean-square my_square"
              />
              <div
                class="square ocean-square my_square"
              />
              <div
                class="square ocean-square my_square"
              />
              <div
                class="square ocean-square my_square"
              />
              <div
                class="square ocean-square my_square"
              />
              <div
                class="square ocean-square my_square"
              />
              <div
                class="square ocean-square my_square"
              />
              <div
                class="square ocean-square my_square"
              />
              <div
                class="square ocean-square my_square"
              />
              <div
                class="square ocean-square my_square"
              />
              <div
                class="square ocean-square my_square"
              />
              <div
                class="square ocean-square my_square"
              />
              <div
                class="square ocean-square my_square"
              />
              <div
                class="square ocean-square my_square"
              />
              <div
                class="square ocean-square my_square"
              />
              <div
                class="square ocean-square my_square"
              />
              <div
                class="square ocean-square my_square"
              />
              <div
                class="square ocean-square my_square"
              />
              <div
                class="square ocean-square my_square"
              />
              <div
                class="square ocean-square my_square"
              />
              <div
                class="square ocean-square my_square"
              />
              <div
                class="square ocean-square my_square"
              />
              <div
                class="square ocean-square my_square"
              />
              <div
                class="square ocean-square my_square"
              />
              <div
                class="square ocean-square my_square"
              />
              <div
                class="square ocean-square my_square"
              />
              <div
                class="square ocean-square my_square"
              />
              <div
                class="square ocean-square my_square"
              />
              <div
                class="square ocean-square my_square"
              />
              <div
                class="square ocean-square my_square"
              />
              <div
                class="square ocean-square my_square"
              />
              <div
                class="square ocean-square my_square"
              />
              <div
                class="square ocean-square my_square"
              />
              <div
                class="square ocean-square my_square"
              />
              <div
                class="square ocean-square my_square"
              />
              <div
                class="square ocean-square my_square"
              />
              <div
                class="square ocean-square my_square"
              />
              <div
                class="square ocean-square my_square"
              />
              <div
                class="square ocean-square my_square"
              />
              <div
                class="square ocean-square my_square"
              />
              <div
                class="square ocean-square my_square"
              />
              <div
                class="square ocean-square my_square"
              />
              <div
                class="square ocean-square my_square"
              />
              <div
                class="square ocean-square my_square"
              />
              <div
                class="square ocean-square my_square"
              />
              <div
                class="square ocean-square my_square"
              />
              <div
                class="square ocean-square my_square"
              />
              <div
                class="square ocean-square my_square"
              />
              <div
                class="square ocean-square my_square"
              />
              <div
                class="square ocean-square my_square"
              />
              <div
                class="square ocean-square my_square"
              />
              <div
                class="square ocean-square my_square"
              />
              <div
                class="square ocean-square my_square"
              />
              <div
                class="square ocean-square my_square"
              />
              <div
                class="square ocean-square my_square"
              />
              <div
                class="square ocean-square my_square"
              />
              <div
                class="square ocean-square my_square"
              />
              <div
                class="square ocean-square my_square"
              />
              <div
                class="square ocean-square my_square"
              />
              <div
                class="square ocean-square my_square"
              />
              <div
                class="square ocean-square my_square"
              />
              <div
                class="square ocean-square my_square"
              />
              <div
                class="square ocean-square my_square"
              />
              <div
                class="square ocean-square my_square"
              />
              <div
                class="square ocean-square my_square"
              />
              <div
                class="square ocean-square my_square"
              />
              <div
                class="square ocean-square my_square"
              />
              <div
                class="square ocean-square my_square"
              />
              <div
                class="square ocean-square my_square"
              />
              <div
                class="square ocean-square my_square"
              />
              <div
                class="square ocean-square my_square"
              />
              <div
                class="square ocean-square my_square"
              />
              <div
                class="square ocean-square my_square"
              />
              <div
                class="square ocean-square my_square"
              />
              <div
                class="square ocean-square my_square"
              />
              <div
                class="square ocean-square my_square"
              />
            </div>
          </div>
        </div>
        <div
          class="ship_store"
        >
          <div
            class="ship_store_title"
          >
            <label>
              Arrange your board
            </label>
            <span>
              Drag and drop the ship below on a square
            </span>
          </div>
          <div
            class="ship_store_ship_container"
          >
            <div
              class="ship_store_model"
            >
              <label>
                Model: Carrier
              </label>
            </div>
            <div
              class="ship_builder"
            >
              <div
                class="ship_store_ship horizontal"
                draggable="true"
              >
                <div
                  class="square ship-square my_square"
                />
                <div
                  class="square ship-square my_square"
                />
                <div
                  class="square ship-square my_square"
                />
                <div
                  class="square ship-square my_square"
                />
                <div
                  class="square ship-square my_square"
                />
              </div>
            </div>
            <div
              class="ship_store_counter"
            >
              Ships left: 5/5
            </div>
            <div
              class="ship_store_buttons"
            >
              <button
                disabled=""
              >
                Start Game
              </button>
              <button>
                Rotate
              </button>
              <button
                disabled=""
              >
                Undo
              </button>
            </div>
          </div>
        </div>
      </div>
    </div>
  </div>
</DocumentFragment>
`;
