// Jest Snapshot v1, https://goo.gl/fbAQLP

exports[`Gameboard component Initialized board 1`] = `
<DocumentFragment>
  <div
    class="board"
  >
    <div
      class="square ocean-square my_square"
    />
    <div
      class="square ship-square my_square"
      data-testid="1"
    />
    <div
      class="square ship-square my_square"
      data-testid="1"
    />
    <div
      class="square ship-square my_square"
      data-testid="1"
    />
    <div
      class="square ocean-square my_square"
    />
    <div
      class="square ocean-square my_square"
    />
    <div
      class="square ocean-square my_square"
    />
    <div
      class="square ocean-square my_square"
    />
    <div
      class="square ocean-square my_square"
    />
    <div
      class="square ship-square my_square"
      data-testid="2"
    />
    <div
      class="square ocean-square my_square"
    />
    <div
      class="square ocean-square my_square"
    />
    <div
      class="square ocean-square my_square"
    />
    <div
      class="square ocean-square my_square"
    />
    <div
      class="square ocean-square my_square"
    />
    <div
      class="square ocean-square my_square"
    />
    <div
      class="square ocean-square my_square"
    />
    <div
      class="square ocean-square my_square"
    />
    <div
      class="square ocean-square my_square"
    />
    <div
      class="square ship-square my_square"
      data-testid="2"
    />
    <div
      class="square ocean-square my_square"
    />
    <div
      class="square ocean-square my_square"
    />
    <div
      class="square ocean-square my_square"
    />
    <div
      class="square ocean-square my_square"
    />
    <div
      class="square ocean-square my_square"
    />
    <div
      class="square ocean-square my_square"
    />
    <div
      class="square ocean-square my_square"
    />
    <div
      class="square ocean-square my_square"
    />
    <div
      class="square ocean-square my_square"
    />
    <div
      class="square ship-square my_square"
      data-testid="2"
    />
    <div
      class="square ocean-square my_square"
    />
    <div
      class="square ocean-square my_square"
    />
    <div
      class="square ocean-square my_square"
    />
    <div
      class="square ocean-square my_square"
    />
    <div
      class="square ocean-square my_square"
    />
    <div
      class="square ocean-square my_square"
    />
    <div
      class="square ocean-square my_square"
    />
    <div
      class="square ocean-square my_square"
    />
    <div
      class="square ocean-square my_square"
    />
    <div
      class="square ocean-square my_square"
    />
    <div
      class="square ocean-square my_square"
    />
    <div
      class="square ocean-square my_square"
    />
    <div
      class="square ocean-square my_square"
    />
    <div
      class="square ocean-square my_square"
    />
    <div
      class="square ocean-square my_square"
    />
    <div
      class="square ocean-square my_square"
    />
    <div
      class="square ocean-square my_square"
    />
    <div
      class="square ocean-square my_square"
    />
    <div
      class="square ocean-square my_square"
    />
    <div
      class="square ocean-square my_square"
    />
    <div
      class="square ocean-square my_square"
    />
    <div
      class="square ocean-square my_square"
    />
    <div
      class="square ocean-square my_square"
    />
    <div
      class="square ocean-square my_square"
    />
    <div
      class="square ocean-square my_square"
    />
    <div
      class="square ocean-square my_square"
    />
    <div
      class="square ocean-square my_square"
    />
    <div
      class="square ocean-square my_square"
    />
    <div
      class="square ocean-square my_square"
    />
    <div
      class="square ocean-square my_square"
    />
    <div
      class="square ocean-square my_square"
    />
    <div
      class="square ocean-square my_square"
    />
    <div
      class="square ocean-square my_square"
    />
    <div
      class="square ocean-square my_square"
    />
    <div
      class="square ocean-square my_square"
    />
    <div
      class="square ocean-square my_square"
    />
    <div
      class="square ocean-square my_square"
    />
    <div
      class="square ocean-square my_square"
    />
    <div
      class="square ocean-square my_square"
    />
    <div
      class="square ocean-square my_square"
    />
    <div
      class="square ocean-square my_square"
    />
    <div
      class="square ocean-square my_square"
    />
    <div
      class="square ocean-square my_square"
    />
    <div
      class="square ocean-square my_square"
    />
    <div
      class="square ocean-square my_square"
    />
    <div
      class="square ocean-square my_square"
    />
    <div
      class="square ocean-square my_square"
    />
    <div
      class="square ocean-square my_square"
    />
    <div
      class="square ocean-square my_square"
    />
    <div
      class="square ocean-square my_square"
    />
    <div
      class="square ocean-square my_square"
    />
    <div
      class="square ocean-square my_square"
    />
    <div
      class="square ocean-square my_square"
    />
    <div
      class="square ocean-square my_square"
    />
    <div
      class="square ocean-square my_square"
    />
    <div
      class="square ocean-square my_square"
    />
    <div
      class="square ocean-square my_square"
    />
    <div
      class="square ocean-square my_square"
    />
    <div
      class="square ocean-square my_square"
    />
    <div
      class="square ocean-square my_square"
    />
    <div
      class="square ocean-square my_square"
    />
    <div
      class="square ocean-square my_square"
    />
    <div
      class="square ocean-square my_square"
    />
    <div
      class="square ocean-square my_square"
    />
    <div
      class="square ocean-square my_square"
    />
    <div
      class="square ocean-square my_square"
    />
    <div
      class="square ocean-square my_square"
    />
    <div
      class="square ocean-square my_square"
    />
    <div
      class="square ocean-square my_square"
    />
    <div
      class="square ocean-square my_square"
    />
  </div>
</DocumentFragment>
`;
